******************************************************************************
                  TI ARM Linker PC v16.9.11                    
******************************************************************************
>> Linked Fri May 16 18:06:08 2025

OUTPUT FILE NAME:   <AUTOSAR_Project.out>
ENTRY POINT SYMBOL: "_c_int00"  address: 00001335


MEMORY CONFIGURATION

         name            origin    length      used     unused   attr    fill
----------------------  --------  ---------  --------  --------  ----  --------
  FLASH                 00000000   00040000  0000167a  0003e986  R  X
  SRAM                  20000000   00008000  00000332  00007cce  RW X


SEGMENT ALLOCATION MAP

run origin  load origin   length   init length attrs members
----------  ----------- ---------- ----------- ----- -------
00000000    00000000    00001680   00001680    r-x
  00000000    00000000    0000026c   0000026c    r-- .intvecs
  0000026c    0000026c    000012c8   000012c8    r-x .text
  00001534    00001534    00000106   00000106    r-- .const
  00001640    00001640    00000040   00000040    r-- .cinit
20000000    20000000    00000332   00000000    rw-
  20000000    20000000    00000200   00000000    rw- .stack
  20000200    20000200    00000104   00000000    rw- .bss
  20000304    20000304    0000002e   00000000    rw- .data


SECTION ALLOCATION MAP

 output                                  attributes/
section   page    origin      length       input sections
--------  ----  ----------  ----------   ----------------
.intvecs   0    00000000    0000026c     
                  00000000    0000026c     tm4c123gh6pm_startup_ccs.obj (.intvecs)

.text      0    0000026c    000012c8     
                  0000026c    000009d0     Port.obj (.text)
                  00000c3c    0000030c     Dio.obj (.text)
                  00000f48    000000a8     Os.obj (.text)
                  00000ff0    0000009c     rtsv7M4_T_le_v4SPD16_eabi.lib : memcpy_t2.obj (.text)
                  0000108c    0000007c     Button.obj (.text)
                  00001108    0000007c     Gpt.obj (.text)
                  00001184    0000007a     rtsv7M4_T_le_v4SPD16_eabi.lib : memset_t2.obj (.text)
                  000011fe    00000002                                   : mpu_init.obj (.text)
                  00001200    00000070                                   : autoinit.obj (.text)
                  00001270    00000068                                   : copy_decompress_lzss.obj (.text:decompress:lzss)
                  000012d8    0000005c     App.obj (.text)
                  00001334    00000054     rtsv7M4_T_le_v4SPD16_eabi.lib : boot.obj (.text)
                  00001388    00000054                                   : exit.obj (.text)
                  000013dc    0000004c     Det.obj (.text)
                  00001428    0000004c     rtsv7M4_T_le_v4SPD16_eabi.lib : cpy_tbl.obj (.text)
                  00001474    0000003e     Led.obj (.text)
                  000014b2    00000002     rtsv7M4_T_le_v4SPD16_eabi.lib : startup.obj (.text)
                  000014b4    00000020     Mcu.obj (.text)
                  000014d4    00000018     rtsv7M4_T_le_v4SPD16_eabi.lib : args_main.obj (.text)
                  000014ec    00000014                                   : _lock.obj (.text)
                  00001500    0000000e                                   : copy_decompress_none.obj (.text:decompress:none)
                  0000150e    0000000c                                   : copy_zero_init.obj (.text:decompress:ZI)
                  0000151a    0000000c     tm4c123gh6pm_startup_ccs.obj (.text)
                  00001526    0000000a     main.obj (.text)
                  00001530    00000004     rtsv7M4_T_le_v4SPD16_eabi.lib : pre_init.obj (.text)

.const     0    00001534    00000106     
                  00001534    00000102     Port_PBcfg.obj (.const:Port_Configuration)
                  00001636    00000004     Dio_PBcfg.obj (.const:Dio_Configuration)

.cinit     0    00001640    00000040     
                  00001640    00000017     (.cinit..data.load) [load image, compression = lzss]
                  00001657    00000001     --HOLE-- [fill = 0]
                  00001658    0000000c     (__TI_handler_table)
                  00001664    00000004     --HOLE-- [fill = 0]
                  00001668    00000008     (.cinit..bss.load) [load image, compression = zero_init]
                  00001670    00000010     (__TI_cinit_table)

.init_array 
*          0    00000000    00000000     UNINITIALIZED

.stack     0    20000000    00000200     UNINITIALIZED
                  20000000    00000200     --HOLE--

.bss       0    20000200    00000104     UNINITIALIZED
                  20000200    00000104     (.common:ConfigPtr2)

.data      0    20000304    0000002e     UNINITIALIZED
                  20000304    0000000c     rtsv7M4_T_le_v4SPD16_eabi.lib : exit.obj (.data:$O1$$)
                  20000310    00000008                                   : _lock.obj (.data:$O1$$)
                  20000318    00000005     Det.obj (.data)
                  2000031d    00000003     Button.obj (.data)
                  20000320    00000005     Dio.obj (.data)
                  20000325    00000002     App.obj (.data)
                  20000327    00000001     --HOLE--
                  20000328    00000004     Gpt.obj (.data)
                  2000032c    00000004     rtsv7M4_T_le_v4SPD16_eabi.lib : stkdepth_vars.obj (.data)
                  20000330    00000002     Os.obj (.data)

MODULE SUMMARY

       Module                         code   ro data   rw data
       ------                         ----   -------   -------
    .\
       Port.obj                       2512   0         260    
       Dio.obj                        780    0         5      
       tm4c123gh6pm_startup_ccs.obj   12     620       0      
       Port_PBcfg.obj                 0      258       0      
       Os.obj                         168    0         2      
       Gpt.obj                        124    0         4      
       Button.obj                     124    0         3      
       App.obj                        92     0         2      
       Det.obj                        76     0         5      
       Led.obj                        62     0         0      
       Mcu.obj                        32     0         0      
       main.obj                       10     0         0      
       Dio_PBcfg.obj                  0      4         0      
    +--+------------------------------+------+---------+---------+
       Total:                         3992   882       281    
                                                              
    C:\ti\ccsv7\tools\compiler\ti-cgt-arm_16.9.11.LTS\lib\rtsv7M4_T_le_v4SPD16_eabi.lib
       memcpy_t2.obj                  156    0         0      
       memset_t2.obj                  122    0         0      
       autoinit.obj                   112    0         0      
       copy_decompress_lzss.obj       104    0         0      
       exit.obj                       84     0         12     
       boot.obj                       84     0         0      
       cpy_tbl.obj                    76     0         0      
       _lock.obj                      20     0         8      
       args_main.obj                  24     0         0      
       copy_decompress_none.obj       14     0         0      
       copy_zero_init.obj             12     0         0      
       pre_init.obj                   4      0         0      
       stkdepth_vars.obj              0      0         4      
       mpu_init.obj                   2      0         0      
       startup.obj                    2      0         0      
    +--+------------------------------+------+---------+---------+
       Total:                         816    0         24     
                                                              
       Stack:                         0      0         512    
       Linker Generated:              0      59        0      
    +--+------------------------------+------+---------+---------+
       Grand Total:                   4808   941       817    


LINKER GENERATED COPY TABLES

__TI_cinit_table @ 00001670 records: 2, size/record: 8, table size: 16
	.data: load addr=00001640, load size=00000017 bytes, run addr=20000304, run size=0000002e bytes, compression=lzss
	.bss: load addr=00001668, load size=00000008 bytes, run addr=20000200, run size=00000104 bytes, compression=zero_init


LINKER GENERATED HANDLER TABLE

__TI_handler_table @ 00001658 records: 3, size/record: 4, table size: 12
	index: 0, handler: __TI_decompress_lzss
	index: 1, handler: __TI_decompress_none
	index: 2, handler: __TI_zero_init


GLOBAL SYMBOLS: SORTED ALPHABETICALLY BY Name 

address   name                           
-------   ----                           
000012fd  App_Task                       
0000108d  Button_GetState                
00001093  Button_RefreshState            
000012ed  Button_Task                    
00001389  C$$EXIT                        
20000200  ConfigPtr2                     
2000031b  Det_ApiId                      
2000031c  Det_ErrorId                    
2000031a  Det_InstanceId                 
20000318  Det_ModuleId                   
000013dd  Det_ReportError                
00001636  Dio_Configuration              
00000e1b  Dio_FlipChannel                
00000c3d  Dio_Init                       
00000d41  Dio_ReadChannel                
00000c61  Dio_WriteChannel               
000012d9  Init_Task                      
0000148d  Led_RefreshOutput              
00001481  Led_SetOff                     
00001475  Led_SetOn                      
000012f5  Led_Task                       
000014a5  Led_Toggle                     
000014b5  Mcu_Init                       
00000f63  Os_NewTimerTick                
00000f73  Os_Scheduler                   
00000f49  Os_start                       
00001534  Port_Configuration             
00000bf3  Port_GetVersionInfo            
0000026d  Port_Init                      
00000651  Port_RefreshPortDirection      
00000745  Port_SetPinDirection           
00000999  Port_SetPinMode                
0000151b  ResetISR                       
UNDEFED   SHT$$INIT_ARRAY$$Base          
UNDEFED   SHT$$INIT_ARRAY$$Limit         
00001109  SysTick_Handler                
00001161  SysTick_SetCallBack            
00001119  SysTick_Start                  
00001159  SysTick_Stop                   
20000200  __STACK_END                    
00000200  __STACK_SIZE                   
20000200  __STACK_TOP                    
00001670  __TI_CINIT_Base                
00001680  __TI_CINIT_Limit               
00001658  __TI_Handler_Table_Base        
00001664  __TI_Handler_Table_Limit       
00001201  __TI_auto_init                 
20000304  __TI_cleanup_ptr               
00001271  __TI_decompress_lzss           
00001501  __TI_decompress_none           
20000308  __TI_dtors_ptr                 
2000030c  __TI_enable_exit_profile_output
ffffffff  __TI_pprof_out_hndl            
ffffffff  __TI_prof_data_size            
ffffffff  __TI_prof_data_start           
00000000  __TI_static_base__             
0000150f  __TI_zero_init                 
00001185  __aeabi_memclr                 
00001185  __aeabi_memclr4                
00001185  __aeabi_memclr8                
00000ff1  __aeabi_memcpy                 
00000ff1  __aeabi_memcpy4                
00000ff1  __aeabi_memcpy8                
00001187  __aeabi_memset                 
00001187  __aeabi_memset4                
00001187  __aeabi_memset8                
ffffffff  __binit__                      
ffffffff  __c_args__                     
000011ff  __mpu_init                     
20000000  __stack                        
000014d5  _args_main                     
00001335  _c_int00                       
20000310  _lock                          
000014fb  _nop                           
000014f3  _register_lock                 
000014ed  _register_unlock               
000014b3  _system_post_cinit             
00001531  _system_pre_init               
20000314  _unlock                        
0000138d  abort                          
ffffffff  binit                          
00001429  copy_in                        
00001395  exit                           
00000000  g_pfnVectors                   
00001527  main                           
2000032c  main_func_sp                   
00000ff1  memcpy                         
0000118d  memset                         


GLOBAL SYMBOLS: SORTED BY Symbol Address 

address   name                           
-------   ----                           
00000000  __TI_static_base__             
00000000  g_pfnVectors                   
00000200  __STACK_SIZE                   
0000026d  Port_Init                      
00000651  Port_RefreshPortDirection      
00000745  Port_SetPinDirection           
00000999  Port_SetPinMode                
00000bf3  Port_GetVersionInfo            
00000c3d  Dio_Init                       
00000c61  Dio_WriteChannel               
00000d41  Dio_ReadChannel                
00000e1b  Dio_FlipChannel                
00000f49  Os_start                       
00000f63  Os_NewTimerTick                
00000f73  Os_Scheduler                   
00000ff1  __aeabi_memcpy                 
00000ff1  __aeabi_memcpy4                
00000ff1  __aeabi_memcpy8                
00000ff1  memcpy                         
0000108d  Button_GetState                
00001093  Button_RefreshState            
00001109  SysTick_Handler                
00001119  SysTick_Start                  
00001159  SysTick_Stop                   
00001161  SysTick_SetCallBack            
00001185  __aeabi_memclr                 
00001185  __aeabi_memclr4                
00001185  __aeabi_memclr8                
00001187  __aeabi_memset                 
00001187  __aeabi_memset4                
00001187  __aeabi_memset8                
0000118d  memset                         
000011ff  __mpu_init                     
00001201  __TI_auto_init                 
00001271  __TI_decompress_lzss           
000012d9  Init_Task                      
000012ed  Button_Task                    
000012f5  Led_Task                       
000012fd  App_Task                       
00001335  _c_int00                       
00001389  C$$EXIT                        
0000138d  abort                          
00001395  exit                           
000013dd  Det_ReportError                
00001429  copy_in                        
00001475  Led_SetOn                      
00001481  Led_SetOff                     
0000148d  Led_RefreshOutput              
000014a5  Led_Toggle                     
000014b3  _system_post_cinit             
000014b5  Mcu_Init                       
000014d5  _args_main                     
000014ed  _register_unlock               
000014f3  _register_lock                 
000014fb  _nop                           
00001501  __TI_decompress_none           
0000150f  __TI_zero_init                 
0000151b  ResetISR                       
00001527  main                           
00001531  _system_pre_init               
00001534  Port_Configuration             
00001636  Dio_Configuration              
00001658  __TI_Handler_Table_Base        
00001664  __TI_Handler_Table_Limit       
00001670  __TI_CINIT_Base                
00001680  __TI_CINIT_Limit               
20000000  __stack                        
20000200  ConfigPtr2                     
20000200  __STACK_END                    
20000200  __STACK_TOP                    
20000304  __TI_cleanup_ptr               
20000308  __TI_dtors_ptr                 
2000030c  __TI_enable_exit_profile_output
20000310  _lock                          
20000314  _unlock                        
20000318  Det_ModuleId                   
2000031a  Det_InstanceId                 
2000031b  Det_ApiId                      
2000031c  Det_ErrorId                    
2000032c  main_func_sp                   
ffffffff  __TI_pprof_out_hndl            
ffffffff  __TI_prof_data_size            
ffffffff  __TI_prof_data_start           
ffffffff  __binit__                      
ffffffff  __c_args__                     
ffffffff  binit                          
UNDEFED   SHT$$INIT_ARRAY$$Base          
UNDEFED   SHT$$INIT_ARRAY$$Limit         

[88 symbols]
