******************************************************************************
                  TI ARM Linker PC v16.9.11                    
******************************************************************************
>> Linked Thu May 15 17:33:41 2025

OUTPUT FILE NAME:   <REAL.out>
ENTRY POINT SYMBOL: "_c_int00"  address: 00001251


MEMORY CONFIGURATION

         name            origin    length      used     unused   attr    fill
----------------------  --------  ---------  --------  --------  ----  --------
  FLASH                 00000000   00040000  00001596  0003ea6a  R  X
  SRAM                  20000000   00008000  00000332  00007cce  RW X


SEGMENT ALLOCATION MAP

run origin  load origin   length   init length attrs members
----------  ----------- ---------- ----------- ----- -------
00000000    00000000    00001598   00001598    r-x
  00000000    00000000    0000026c   0000026c    r-- .intvecs
  0000026c    0000026c    000011e4   000011e4    r-x .text
  00001450    00001450    00000106   00000106    r-- .const
  00001558    00001558    00000040   00000040    r-- .cinit
20000000    20000000    00000332   00000000    rw-
  20000000    20000000    00000200   00000000    rw- .stack
  20000200    20000200    00000104   00000000    rw- .bss
  20000304    20000304    0000002e   00000000    rw- .data


SECTION ALLOCATION MAP

 output                                  attributes/
section   page    origin      length       input sections
--------  ----  ----------  ----------   ----------------
.intvecs   0    00000000    0000026c     
                  00000000    0000026c     tm4c123gh6pm_startup_ccs.obj (.intvecs)

.text      0    0000026c    000011e4     
                  0000026c    000008ec     Port.obj (.text)
                  00000b58    0000030c     Dio.obj (.text)
                  00000e64    000000a8     Os.obj (.text)
                  00000f0c    0000009c     rtsv7M4_T_le_v4SPD16_eabi.lib : memcpy_t2.obj (.text)
                  00000fa8    0000007c     Button.obj (.text)
                  00001024    0000007c     Gpt.obj (.text)
                  000010a0    0000007a     rtsv7M4_T_le_v4SPD16_eabi.lib : memset_t2.obj (.text)
                  0000111a    00000002                                   : mpu_init.obj (.text)
                  0000111c    00000070                                   : autoinit.obj (.text)
                  0000118c    00000068                                   : copy_decompress_lzss.obj (.text:decompress:lzss)
                  000011f4    0000005c     App.obj (.text)
                  00001250    00000054     rtsv7M4_T_le_v4SPD16_eabi.lib : boot.obj (.text)
                  000012a4    00000054                                   : exit.obj (.text)
                  000012f8    0000004c     Det.obj (.text)
                  00001344    0000004c     rtsv7M4_T_le_v4SPD16_eabi.lib : cpy_tbl.obj (.text)
                  00001390    0000003e     Led.obj (.text)
                  000013ce    00000002     rtsv7M4_T_le_v4SPD16_eabi.lib : startup.obj (.text)
                  000013d0    00000020     Mcu.obj (.text)
                  000013f0    00000018     rtsv7M4_T_le_v4SPD16_eabi.lib : args_main.obj (.text)
                  00001408    00000014                                   : _lock.obj (.text)
                  0000141c    0000000e                                   : copy_decompress_none.obj (.text:decompress:none)
                  0000142a    0000000c                                   : copy_zero_init.obj (.text:decompress:ZI)
                  00001436    0000000c     tm4c123gh6pm_startup_ccs.obj (.text)
                  00001442    0000000a     main.obj (.text)
                  0000144c    00000004     rtsv7M4_T_le_v4SPD16_eabi.lib : pre_init.obj (.text)

.const     0    00001450    00000106     
                  00001450    00000102     Port_PBcfg.obj (.const:Port_Configuration)
                  00001552    00000004     Dio_PBcfg.obj (.const:Dio_Configuration)

.cinit     0    00001558    00000040     
                  00001558    00000017     (.cinit..data.load) [load image, compression = lzss]
                  0000156f    00000001     --HOLE-- [fill = 0]
                  00001570    0000000c     (__TI_handler_table)
                  0000157c    00000004     --HOLE-- [fill = 0]
                  00001580    00000008     (.cinit..bss.load) [load image, compression = zero_init]
                  00001588    00000010     (__TI_cinit_table)

.init_array 
*          0    00000000    00000000     UNINITIALIZED

.stack     0    20000000    00000200     UNINITIALIZED
                  20000000    00000200     --HOLE--

.bss       0    20000200    00000104     UNINITIALIZED
                  20000200    00000104     (.common:ConfigPtr2)

.data      0    20000304    0000002e     UNINITIALIZED
                  20000304    0000000c     rtsv7M4_T_le_v4SPD16_eabi.lib : exit.obj (.data:$O1$$)
                  20000310    00000008                                   : _lock.obj (.data:$O1$$)
                  20000318    00000005     Det.obj (.data)
                  2000031d    00000003     Button.obj (.data)
                  20000320    00000005     Dio.obj (.data)
                  20000325    00000002     App.obj (.data)
                  20000327    00000001     --HOLE--
                  20000328    00000004     Gpt.obj (.data)
                  2000032c    00000004     rtsv7M4_T_le_v4SPD16_eabi.lib : stkdepth_vars.obj (.data)
                  20000330    00000002     Os.obj (.data)

MODULE SUMMARY

       Module                         code   ro data   rw data
       ------                         ----   -------   -------
    .\
       Port.obj                       2284   0         260    
       Dio.obj                        780    0         5      
       tm4c123gh6pm_startup_ccs.obj   12     620       0      
       Port_PBcfg.obj                 0      258       0      
       Os.obj                         168    0         2      
       Gpt.obj                        124    0         4      
       Button.obj                     124    0         3      
       App.obj                        92     0         2      
       Det.obj                        76     0         5      
       Led.obj                        62     0         0      
       Mcu.obj                        32     0         0      
       main.obj                       10     0         0      
       Dio_PBcfg.obj                  0      4         0      
    +--+------------------------------+------+---------+---------+
       Total:                         3764   882       281    
                                                              
    C:\ti\ccsv7\tools\compiler\ti-cgt-arm_16.9.11.LTS\lib\rtsv7M4_T_le_v4SPD16_eabi.lib
       memcpy_t2.obj                  156    0         0      
       memset_t2.obj                  122    0         0      
       autoinit.obj                   112    0         0      
       copy_decompress_lzss.obj       104    0         0      
       exit.obj                       84     0         12     
       boot.obj                       84     0         0      
       cpy_tbl.obj                    76     0         0      
       _lock.obj                      20     0         8      
       args_main.obj                  24     0         0      
       copy_decompress_none.obj       14     0         0      
       copy_zero_init.obj             12     0         0      
       pre_init.obj                   4      0         0      
       stkdepth_vars.obj              0      0         4      
       mpu_init.obj                   2      0         0      
       startup.obj                    2      0         0      
    +--+------------------------------+------+---------+---------+
       Total:                         816    0         24     
                                                              
       Stack:                         0      0         512    
       Linker Generated:              0      59        0      
    +--+------------------------------+------+---------+---------+
       Grand Total:                   4580   941       817    


LINKER GENERATED COPY TABLES

__TI_cinit_table @ 00001588 records: 2, size/record: 8, table size: 16
	.data: load addr=00001558, load size=00000017 bytes, run addr=20000304, run size=0000002e bytes, compression=lzss
	.bss: load addr=00001580, load size=00000008 bytes, run addr=20000200, run size=00000104 bytes, compression=zero_init


LINKER GENERATED HANDLER TABLE

__TI_handler_table @ 00001570 records: 3, size/record: 4, table size: 12
	index: 0, handler: __TI_decompress_lzss
	index: 1, handler: __TI_decompress_none
	index: 2, handler: __TI_zero_init


GLOBAL SYMBOLS: SORTED ALPHABETICALLY BY Name 

address   name                           
-------   ----                           
00001219  App_Task                       
00000fa9  Button_GetState                
00000faf  Button_RefreshState            
00001209  Button_Task                    
000012a5  C$$EXIT                        
20000200  ConfigPtr2                     
2000031b  Det_ApiId                      
2000031c  Det_ErrorId                    
2000031a  Det_InstanceId                 
20000318  Det_ModuleId                   
000012f9  Det_ReportError                
00001552  Dio_Configuration              
00000d37  Dio_FlipChannel                
00000b59  Dio_Init                       
00000c5d  Dio_ReadChannel                
00000b7d  Dio_WriteChannel               
000011f5  Init_Task                      
000013a9  Led_RefreshOutput              
0000139d  Led_SetOff                     
00001391  Led_SetOn                      
00001211  Led_Task                       
000013c1  Led_Toggle                     
000013d1  Mcu_Init                       
00000e7f  Os_NewTimerTick                
00000e8f  Os_Scheduler                   
00000e65  Os_start                       
00001450  Port_Configuration             
00000b11  Port_GetVersionInfo            
0000026d  Port_Init                      
00000651  Port_RefreshPortDirection      
00000745  Port_SetPinDirection           
00000999  Port_SetPinMode                
00001437  ResetISR                       
UNDEFED   SHT$$INIT_ARRAY$$Base          
UNDEFED   SHT$$INIT_ARRAY$$Limit         
00001025  SysTick_Handler                
0000107d  SysTick_SetCallBack            
00001035  SysTick_Start                  
00001075  SysTick_Stop                   
20000200  __STACK_END                    
00000200  __STACK_SIZE                   
20000200  __STACK_TOP                    
00001588  __TI_CINIT_Base                
00001598  __TI_CINIT_Limit               
00001570  __TI_Handler_Table_Base        
0000157c  __TI_Handler_Table_Limit       
0000111d  __TI_auto_init                 
20000304  __TI_cleanup_ptr               
0000118d  __TI_decompress_lzss           
0000141d  __TI_decompress_none           
20000308  __TI_dtors_ptr                 
2000030c  __TI_enable_exit_profile_output
ffffffff  __TI_pprof_out_hndl            
ffffffff  __TI_prof_data_size            
ffffffff  __TI_prof_data_start           
00000000  __TI_static_base__             
0000142b  __TI_zero_init                 
000010a1  __aeabi_memclr                 
000010a1  __aeabi_memclr4                
000010a1  __aeabi_memclr8                
00000f0d  __aeabi_memcpy                 
00000f0d  __aeabi_memcpy4                
00000f0d  __aeabi_memcpy8                
000010a3  __aeabi_memset                 
000010a3  __aeabi_memset4                
000010a3  __aeabi_memset8                
ffffffff  __binit__                      
ffffffff  __c_args__                     
0000111b  __mpu_init                     
20000000  __stack                        
000013f1  _args_main                     
00001251  _c_int00                       
20000310  _lock                          
00001417  _nop                           
0000140f  _register_lock                 
00001409  _register_unlock               
000013cf  _system_post_cinit             
0000144d  _system_pre_init               
20000314  _unlock                        
000012a9  abort                          
ffffffff  binit                          
00001345  copy_in                        
000012b1  exit                           
00000000  g_pfnVectors                   
00001443  main                           
2000032c  main_func_sp                   
00000f0d  memcpy                         
000010a9  memset                         


GLOBAL SYMBOLS: SORTED BY Symbol Address 

address   name                           
-------   ----                           
00000000  __TI_static_base__             
00000000  g_pfnVectors                   
00000200  __STACK_SIZE                   
0000026d  Port_Init                      
00000651  Port_RefreshPortDirection      
00000745  Port_SetPinDirection           
00000999  Port_SetPinMode                
00000b11  Port_GetVersionInfo            
00000b59  Dio_Init                       
00000b7d  Dio_WriteChannel               
00000c5d  Dio_ReadChannel                
00000d37  Dio_FlipChannel                
00000e65  Os_start                       
00000e7f  Os_NewTimerTick                
00000e8f  Os_Scheduler                   
00000f0d  __aeabi_memcpy                 
00000f0d  __aeabi_memcpy4                
00000f0d  __aeabi_memcpy8                
00000f0d  memcpy                         
00000fa9  Button_GetState                
00000faf  Button_RefreshState            
00001025  SysTick_Handler                
00001035  SysTick_Start                  
00001075  SysTick_Stop                   
0000107d  SysTick_SetCallBack            
000010a1  __aeabi_memclr                 
000010a1  __aeabi_memclr4                
000010a1  __aeabi_memclr8                
000010a3  __aeabi_memset                 
000010a3  __aeabi_memset4                
000010a3  __aeabi_memset8                
000010a9  memset                         
0000111b  __mpu_init                     
0000111d  __TI_auto_init                 
0000118d  __TI_decompress_lzss           
000011f5  Init_Task                      
00001209  Button_Task                    
00001211  Led_Task                       
00001219  App_Task                       
00001251  _c_int00                       
000012a5  C$$EXIT                        
000012a9  abort                          
000012b1  exit                           
000012f9  Det_ReportError                
00001345  copy_in                        
00001391  Led_SetOn                      
0000139d  Led_SetOff                     
000013a9  Led_RefreshOutput              
000013c1  Led_Toggle                     
000013cf  _system_post_cinit             
000013d1  Mcu_Init                       
000013f1  _args_main                     
00001409  _register_unlock               
0000140f  _register_lock                 
00001417  _nop                           
0000141d  __TI_decompress_none           
0000142b  __TI_zero_init                 
00001437  ResetISR                       
00001443  main                           
0000144d  _system_pre_init               
00001450  Port_Configuration             
00001552  Dio_Configuration              
00001570  __TI_Handler_Table_Base        
0000157c  __TI_Handler_Table_Limit       
00001588  __TI_CINIT_Base                
00001598  __TI_CINIT_Limit               
20000000  __stack                        
20000200  ConfigPtr2                     
20000200  __STACK_END                    
20000200  __STACK_TOP                    
20000304  __TI_cleanup_ptr               
20000308  __TI_dtors_ptr                 
2000030c  __TI_enable_exit_profile_output
20000310  _lock                          
20000314  _unlock                        
20000318  Det_ModuleId                   
2000031a  Det_InstanceId                 
2000031b  Det_ApiId                      
2000031c  Det_ErrorId                    
2000032c  main_func_sp                   
ffffffff  __TI_pprof_out_hndl            
ffffffff  __TI_prof_data_size            
ffffffff  __TI_prof_data_start           
ffffffff  __binit__                      
ffffffff  __c_args__                     
ffffffff  binit                          
UNDEFED   SHT$$INIT_ARRAY$$Base          
UNDEFED   SHT$$INIT_ARRAY$$Limit         

[88 symbols]
